#-----------------------------------------------------------
# Vivado v2020.1 (64-bit)
# SW Build 2902540 on Wed May 27 19:54:49 MDT 2020
# IP Build 2902112 on Wed May 27 22:43:36 MDT 2020
# Start of session at: Sat Mar 19 13:32:06 2022
# Process ID: 16836
# Current directory: D:/Vivado/MyProject/POCexp
# Command line: vivado.exe -gui_launcher_event rodinguilauncherevent11708 D:\Vivado\MyProject\POCexp\POCexp.xpr
# Log file: D:/Vivado/MyProject/POCexp/vivado.log
# Journal file: D:/Vivado/MyProject/POCexp\vivado.jou
#-----------------------------------------------------------
start_gui
open_project D:/Vivado/MyProject/POCexp/POCexp.xpr
update_compile_order -fileset sources_1
launch_simulation
source POCexp_TB.tcl
current_wave_config {Untitled 1}
add_wave {{/POCexp_TB/u_POCexp/u_Processor/RW}} 
current_wave_config {Untitled 1}
add_wave {{/POCexp_TB/u_POCexp/u_Processor/IRQ}} 
current_wave_config {Untitled 1}
add_wave {{/POCexp_TB/u_POCexp/u_POC/SR}} 
run all
current_wave_config {Untitled 1}
add_wave {{/POCexp_TB/u_POCexp/u_Processor/ADDR}} 
current_wave_config {Untitled 1}
add_wave {{/POCexp_TB/u_POCexp/u_Processor/handle}} 
current_wave_config {Untitled 1}
add_wave {{/POCexp_TB/u_POCexp/u_Processor/Din}} 
relaunch_sim
run all
relaunch_sim
run all
relaunch_sim
run all
relaunch_sim
run all
relaunch_sim
run all
relaunch_sim
relaunch_sim
relaunch_sim
run all
current_wave_config {Untitled 1}
add_wave {{/POCexp_TB/u_POCexp/Dout}} 
relaunch_sim
run all
relaunch_sim
current_wave_config {Untitled 1}
add_wave {{/POCexp_TB/u_POCexp/u_Processor/RW_reg}} 
current_wave_config {Untitled 1}
add_wave {{/POCexp_TB/u_POCexp/u_Processor/Din}} 
current_wave_config {Untitled 1}
add_wave {{/POCexp_TB/u_POCexp/u_Processor/Din_reg}} 
relaunch_sim
relaunch_sim
run all
current_wave_config {Untitled 1}
add_wave {{/POCexp_TB/u_POCexp/u_Printer/PRINT}} 
current_wave_config {Untitled 1}
add_wave {{/POCexp_TB/u_POCexp/u_Printer/RDY}} 
relaunch_sim
run all
current_wave_config {Untitled 1}
add_wave {{/POCexp_TB/u_POCexp/u_Printer/TR}} 
current_wave_config {Untitled 1}
add_wave {{/POCexp_TB/u_POCexp/u_Printer/PD}} 
current_wave_config {Untitled 1}
add_wave {{/POCexp_TB/u_POCexp/u_Printer/waiting}} 
current_wave_config {Untitled 1}
add_wave {{/POCexp_TB/u_POCexp/u_POC/BR}} 
relaunch_sim
run all
relaunch_sim
run all
relaunch_sim
run all
relaunch_sim
run all
relaunch_sim
run all
relaunch_sim
run all
relaunch_sim
run all
relaunch_sim
run all
relaunch_sim
run all
relaunch_sim
run all
relaunch_sim
run all
relaunch_sim
run all
relaunch_sim
run all
relaunch_sim
run all
relaunch_sim
run all
relaunch_sim
run all
relaunch_sim
run all
relaunch_sim
run all
relaunch_sim
run all
relaunch_sim
run all
relaunch_sim
run all
current_wave_config {Untitled 1}
add_wave {{/POCexp_TB/u_POCexp/u_Processor/change_flag}} 
relaunch_sim
run all
relaunch_sim
run all
current_wave_config {Untitled 1}
add_wave {{/POCexp_TB/u_POCexp/u_POC/state_reg}} 
relaunch_sim
run all
current_wave_config {Untitled 1}
add_wave {{/POCexp_TB/u_POCexp/u_POC/next_state}} 
relaunch_sim
run all
relaunch_sim
run all
relaunch_sim
run all
relaunch_sim
run all
relaunch_sim
run all
relaunch_sim
run all
relaunch_sim
run all
relaunch_sim
run all
relaunch_sim
run all
relaunch_sim
run all
relaunch_sim
run all
relaunch_sim
run all
relaunch_sim
run all
relaunch_sim
relaunch_sim
run all
relaunch_sim
run all
relaunch_sim
run all
relaunch_sim
run all
relaunch_sim
run all
relaunch_sim
run all
relaunch_sim
run all
relaunch_sim
run all
relaunch_sim
run all
relaunch_sim
run all
relaunch_sim
run all
relaunch_sim
relaunch_sim
run all
relaunch_sim
run all
relaunch_sim
run all
relaunch_sim
run all
relaunch_sim
run all
relaunch_sim
run all
relaunch_sim
run all
relaunch_sim
run all
relaunch_sim
run all
relaunch_sim
run all
relaunch_sim
relaunch_sim
relaunch_sim
run all
relaunch_sim
run all
relaunch_sim
run all
relaunch_sim
run all
relaunch_sim
run all
relaunch_sim
run all
relaunch_sim
run all
save_wave_config {D:/Vivado/MyProject/POCexp/POCexp_TB_behav.wcfg}
add_files -fileset sim_1 -norecurse D:/Vivado/MyProject/POCexp/POCexp_TB_behav.wcfg
set_property xsim.view D:/Vivado/MyProject/POCexp/POCexp_TB_behav.wcfg [get_filesets sim_1]
close_sim
reset_run synth_1
launch_runs synth_1 -jobs 4
wait_on_run synth_1
reset_run synth_1
launch_runs synth_1 -jobs 4
wait_on_run synth_1
open_run synth_1 -name synth_1
launch_runs impl_1 -jobs 4
wait_on_run impl_1
open_run impl_1
# Disabling source management mode.  This is to allow the top design properties to be set without GUI intervention.
set_property source_mgmt_mode None [current_project]
set_property top POC [current_fileset]
# Re-enabling previously disabled source management mode.
set_property source_mgmt_mode All [current_project]
update_compile_order -fileset sources_1
reset_run synth_1
launch_runs synth_1 -jobs 4
wait_on_run synth_1
current_design synth_1
close_design
open_run synth_1 -name synth_1
# Disabling source management mode.  This is to allow the top design properties to be set without GUI intervention.
set_property source_mgmt_mode None [current_project]
set_property top Printer [current_fileset]
# Re-enabling previously disabled source management mode.
set_property source_mgmt_mode All [current_project]
update_compile_order -fileset sources_1
reset_run synth_1
launch_runs synth_1 -jobs 4
wait_on_run synth_1
close_design
open_run synth_1 -name synth_1
# Disabling source management mode.  This is to allow the top design properties to be set without GUI intervention.
set_property source_mgmt_mode None [current_project]
set_property top Processor [current_fileset]
# Re-enabling previously disabled source management mode.
set_property source_mgmt_mode All [current_project]
update_compile_order -fileset sources_1
reset_run synth_1
launch_runs synth_1 -jobs 4
wait_on_run synth_1
close_design
open_run synth_1 -name synth_1
reset_run synth_1
launch_runs synth_1 -jobs 4
wait_on_run synth_1
close_design
open_run synth_1 -name synth_1
# Disabling source management mode.  This is to allow the top design properties to be set without GUI intervention.
set_property source_mgmt_mode None [current_project]
set_property top POCexp [current_fileset]
# Re-enabling previously disabled source management mode.
set_property source_mgmt_mode All [current_project]
update_compile_order -fileset sources_1
reset_run synth_1
launch_runs synth_1 -jobs 4
wait_on_run synth_1
close_design
open_run synth_1 -name synth_1
# Disabling source management mode.  This is to allow the top design properties to be set without GUI intervention.
set_property source_mgmt_mode None [current_project]
set_property top Processor [current_fileset]
# Re-enabling previously disabled source management mode.
set_property source_mgmt_mode All [current_project]
update_compile_order -fileset sources_1
reset_run synth_1
launch_runs synth_1 -jobs 4
wait_on_run synth_1
close_design
open_run synth_1 -name synth_1
reset_run synth_1
launch_runs synth_1 -jobs 4
wait_on_run synth_1
close_design
open_run synth_1 -name synth_1
# Disabling source management mode.  This is to allow the top design properties to be set without GUI intervention.
set_property source_mgmt_mode None [current_project]
set_property top POC [current_fileset]
# Re-enabling previously disabled source management mode.
set_property source_mgmt_mode All [current_project]
update_compile_order -fileset sources_1
reset_run synth_1
launch_runs synth_1 -jobs 4
wait_on_run synth_1
close_design
open_run synth_1 -name synth_1
# Disabling source management mode.  This is to allow the top design properties to be set without GUI intervention.
set_property source_mgmt_mode None [current_project]
set_property top Printer [current_fileset]
# Re-enabling previously disabled source management mode.
set_property source_mgmt_mode All [current_project]
update_compile_order -fileset sources_1
reset_run synth_1
launch_runs synth_1 -jobs 4
wait_on_run synth_1
close_design
open_run synth_1 -name synth_1
# Disabling source management mode.  This is to allow the top design properties to be set without GUI intervention.
set_property source_mgmt_mode None [current_project]
set_property top Processor [current_fileset]
# Re-enabling previously disabled source management mode.
set_property source_mgmt_mode All [current_project]
update_compile_order -fileset sources_1
reset_run synth_1
launch_runs synth_1 -jobs 4
wait_on_run synth_1
close_design
open_run synth_1 -name synth_1
# Disabling source management mode.  This is to allow the top design properties to be set without GUI intervention.
set_property source_mgmt_mode None [current_project]
set_property top POCexp [current_fileset]
# Re-enabling previously disabled source management mode.
set_property source_mgmt_mode All [current_project]
update_compile_order -fileset sources_1
reset_run synth_1
launch_runs synth_1 -jobs 4
wait_on_run synth_1
close_design
open_run synth_1 -name synth_1
launch_simulation
open_wave_config D:/Vivado/MyProject/POCexp/POCexp_TB_behav.wcfg
source POCexp_TB.tcl
run all
save_wave_config {D:/Vivado/MyProject/POCexp/POCexp_TB_behav.wcfg}
close_sim
